{
    "@context": "\/api\/v2\/contexts\/ProductDraftAttribute",
    "@id": "\/api\/v2\/shop\/account\/vendor\/product-draft\/attributes",
    "@type": "hydra:Collection",
    "hydra:member": [
        {
            "@id": "\/api\/v2\/shop\/account\/vendor\/product-draft\/attributes\/@string@",
            "@type": "ProductDraftAttribute",
            "vendor": "\/api\/v2\/shop\/vendors\/@string@",
            "uuid": "@string@",
            "code": "attribute_bruce_1",
            "type": "text",
            "configuration": [],
            "storageType": "text",
            "position": "@integer@",
            "translations": {
                "en_US": {
                    "@id": "/api/v2/shop/account/vendor/product-draft/attribute-translations/@string@",
                    "@type": "ProductDraftAttributeTranslation",
                    "uuid": "@string@",
                    "name": "attribute_bruce_1_us",
                    "locale": "en_US"
                }
            }
        }
    ],
    "hydra:totalItems": 1
}
