{
    "@context": "\/api\/v2\/contexts\/ProductDraftAttribute",
    "@id": "\/api\/v2\/shop\/account\/vendor\/product-draft/attributes\/@string@",
    "@type": "ProductDraftAttribute",
    "vendor": "\/api\/v2\/shop\/vendors\/@string@",
    "uuid": "@string@",
    "code": "test",
    "type": "text",
    "configuration": [],
    "storageType": "text",
    "position": 1,
    "translations": {
        "en_US": {
            "@id": "/api/v2/shop/account/vendor/product-draft/attribute-translations/@string@",
            "@type": "ProductDraftAttributeTranslation",
            "uuid": "@string@",
            "name": "test",
            "locale": "en_US"
        }
    }
}
